<button name="name"
        class=" tbxforms-button tbxforms-button--warning"
        id="new_id">Title</button>
