<button name="name"
        class=" tbxforms-button tbxforms-button--secondary"
        id="new_id">Title</button>
