<button name="name"
        class=" tbxforms-button tbxforms-button--primary"
        id="button-id-name"
        aria-disabled="true"
        disabled="disabled">Title</button>
