<button name="name"
        class="extra-css-class tbxforms-button tbxforms-button--primary"
        id="button-id-name">Title</button>
