<button name="name"
        class=" tbxforms-button tbxforms-button--secondary"
        id="button-id-name"
        key="value">Title</button>
