<form class="tbxforms" method="post">
    <div id="div_id_description" class="tbxforms-form-group">
        <label for="id_description" class="tbxforms-label tbxforms-label--m">Description</label>
        <textarea name="description" cols="40" rows="10" class="tbxforms-textarea" required="required" id="id_description">
</textarea>
    </div>
</form>
