<form class="tbxforms" method="post">
    <div id="div_id_description" class="tbxforms-form-group">
        <span id="id_description_hint" class="tbxforms-hint">Help text</span>
        <textarea name="description" cols="40" rows="10" aria-describedby="id_description_hint" class="tbxforms-textarea" required="required" id="id_description">
</textarea>
    </div>
</form>
