<form class="tbxforms" method="post">
    <div id="div_id_description" class="tbxforms-form-group">
        <label for="id_description" class="tbxforms-label tbxforms-label--m">
            Description
            <span class="tbxforms-field_marker--optional">(optional)</span>
        </label>
        <span id="id_description_hint" class="tbxforms-hint">Help text</span>
        <textarea name="description" cols="40" rows="10" aria-describedby="id_description_hint" class="tbxforms-textarea" id="id_description">
</textarea>
    </div>
</form>
