<form class="tbxforms" method="post"  enctype="multipart/form-data">
    <div class="tbxforms-error-summary"
         aria-labelledby="error-summary-title"
         role="alert"
         tabindex="-1">
        <h2 class="tbxforms-error-summary__title" id="error-summary-title">There is a problem with your submission</h2>
        <div class="tbxforms-error-summary__body">
            <ul class="tbxforms-list tbxforms-error-summary__list">
                <li>
                    <a href="#div_id_file" title="Jump to the 'Upload a file' field">Upload a file: Select the CSV file you exported from the spreadsheet</a>
                </li>
            </ul>
        </div>
    </div>
    <div id="div_id_file"
         class="tbxforms-form-group tbxforms-form-group--error">
        <label for="id_file" class="tbxforms-label tbxforms-label--m">Upload a file</label>
        <span id="id_file_1_error" class="tbxforms-error-message">
            <span class="tbxforms-visually-hidden">Error:</span> Select the CSV file you exported from the spreadsheet
        </span>
        <span id="id_file_hint" class="tbxforms-hint">Select the CSV file to upload.</span>
        <input type="file"
               name="file"
               aria-describedby="id_file_1_error id_file_hint"
               class="tbxforms-file-upload tbxforms-file-upload--error"
               required="required"
               id="id_file">
    </div>
</form>
