<form class="tbxforms" method="post"  enctype="multipart/form-data">
    <div id="div_id_file" class="tbxforms-form-group">
        <label for="id_file" class="tbxforms-label tbxforms-label--m">Upload a file</label>
        <input type="file"
               name="file"
               class="tbxforms-file-upload"
               required="required"
               id="id_file">
    </div>
</form>
