<button name="name"
        class=" tbxforms-button tbxforms-button--secondary"
        id="button-id-name">&lt;strong&gt;Value&lt;/strong&gt;</button>
