<button name="name"
        class=" tbxforms-button tbxforms-button--secondary"
        id="button-id-name">
    <strong>Value</strong>
</button>
