<form class="tbxforms" method="post">
    <div id="div_id_accept" class="tbxforms-form-group">
        <span id="id_accept_hint" class="tbxforms-hint">Please read the terms of service.</span>
        <div class="tbxforms-checkboxes tbxforms-checkboxes--small">
            <div class="tbxforms-checkboxes__item">
                <input type="checkbox"
                       name="accept"
                       aria-describedby="id_accept_hint"
                       class="tbxforms-checkboxes__input"
                       required="required"
                       id="id_accept">
                <label class="tbxforms-label tbxforms-checkboxes__label" for="id_accept">I accept the terms of service</label>
            </div>
        </div>
    </div>
</form>
