<form class="tbxforms" method="post">
    <div id="div_id_test_field" class="tbxforms-form-group">
        <label for="id_test_field" class="tbxforms-label tbxforms-label--m">Test field</label>
        <select name="test_field" class="selectmultiple" id="id_test_field" multiple>
            <option value="yes">Yes</option>
            <option value="no">No</option>
        </select>
    </div>
</form>
