<form class="tbxforms" method="post">
    <div class="tbxforms-form-group"
         data-conditional-field-name="trigger_field"
         data-conditional-field-values="[&quot;yes&quot;, &quot;maybe&quot;]">
        <div id="div_id_field1" class="tbxforms-form-group">
            <label for="id_field1" class="tbxforms-label tbxforms-label--m">Field1</label>
            <input type="text"
                   name="field1"
                   class="tbxforms-input tbxforms-input--text"
                   required="required"
                   id="id_field1">
        </div>
    </div>
</form>
