<form class="tbxforms" method="post">
    <div id="div_id_method" class="tbxforms-form-group">
        <fieldset class="tbxforms-fieldset">
            <legend class="tbxforms-fieldset__legend tbxforms-fieldset__legend--m">How would you like to be contacted?</legend>
            <div class="tbxforms-checkboxes">
                <div class="tbxforms-checkboxes__item">
                    <input type="checkbox"
                           name="method"
                           class="tbxforms-checkboxes__input"
                           id="id_method_1"
                           value="email" />
                    <label class="tbxforms-label tbxforms-checkboxes__label" for="id_method_1">Email</label>
                </div>
                <div class="tbxforms-checkboxes__item">
                    <input type="checkbox"
                           name="method"
                           class="tbxforms-checkboxes__input"
                           id="id_method_2"
                           value="phone" />
                    <label class="tbxforms-label tbxforms-checkboxes__label" for="id_method_2">Phone</label>
                </div>
                <div class="tbxforms-checkboxes__item">
                    <input type="checkbox"
                           name="method"
                           class="tbxforms-checkboxes__input"
                           id="id_method_3"
                           value="text" />
                    <label class="tbxforms-label tbxforms-checkboxes__label" for="id_method_3">Text message</label>
                </div>
            </div>
        </fieldset>
    </div>
</form>
