<form class="tbxforms" method="post">
    <div id="div_id_name" class="tbxforms-form-group">
        <label for="id_name" class="tbxforms-label tbxforms-label--l">Name</label>
        <span id="id_name_hint" class="tbxforms-hint">Help text</span>
        <input type="text"
               name="name"
               aria-describedby="id_name_hint"
               class="tbxforms-input tbxforms-input--text"
               required="required"
               id="id_name">
    </div>
</form>
