<form class="tbxforms" method="post">
    <div id="div_id_method" class="tbxforms-form-group">
        <label for="id_method" class="tbxforms-label tbxforms-label--m">How would you like to be contacted?</label>
        <select name="method"
                class="tbxforms-select"
                required="required"
                id="id_method">
            <option value="" selected>Choose</option>
            <option value="email">Email</option>
            <option value="phone">Phone</option>
            <option value="text">Text message</option>
        </select>
    </div>
</form>
