<form class="tbxforms" method="post">
    <div id="div_id_method" class="tbxforms-form-group">
        <span id="id_method_hint" class="tbxforms-hint">Select the most convenient way to contact you.</span>
        <select name="method"
                aria-describedby="id_method_hint"
                class="tbxforms-select"
                required="required"
                id="id_method">
            <option value="" selected>Choose</option>
            <option value="email">Email</option>
            <option value="phone">Phone</option>
            <option value="text">Text message</option>
        </select>
    </div>
</form>
