<form class="tbxforms" method="post">
    <div class="tbxforms-error-summary"
         aria-labelledby="error-summary-title"
         role="alert"
         tabindex="-1">
        <h2 class="tbxforms-error-summary__title" id="error-summary-title">There is a problem with your submission</h2>
        <div class="tbxforms-error-summary__body">
            <ul class="tbxforms-list tbxforms-error-summary__list">
                <li>
                    <a href="#div_id_method"
                       title="Jump to the 'How would you like to be contacted?' field">How would you like to be contacted?: Enter the best way to contact you</a>
                </li>
            </ul>
        </div>
    </div>
    <div id="div_id_method"
         class="tbxforms-form-group tbxforms-form-group--error">
        <label for="id_method" class="tbxforms-label tbxforms-label--m">How would you like to be contacted?</label>
        <span id="id_method_1_error" class="tbxforms-error-message">
            <span class="tbxforms-visually-hidden">Error:</span> Enter the best way to contact you
        </span>
        <span id="id_method_hint" class="tbxforms-hint">Select the most convenient way to contact you.</span>
        <select name="method"
                aria-describedby="id_method_1_error id_method_hint"
                class="tbxforms-select tbxforms-input--error"
                required="required"
                id="id_method">
            <option value="" selected>Choose</option>
            <option value="email">Email</option>
            <option value="phone">Phone</option>
            <option value="text">Text message</option>
        </select>
    </div>
</form>
