<form class="tbxforms" method="post">
    <div id="div_id_method" class="tbxforms-form-group">
        <label for="id_method" class="tbxforms-label tbxforms-label--m">How would you like to be contacted?</label>
        <span id="id_method_hint" class="tbxforms-hint">Select the most convenient way to contact you.</span>
        <select name="method"
                aria-describedby="id_method_hint"
                class="tbxforms-select"
                required="required"
                id="id_method">
            <option value="">Choose</option>
            <option value="email" selected>Email</option>
            <option value="phone">Phone</option>
            <option value="text">Text message</option>
        </select>
    </div>
</form>
