<form class="tbxforms" method="post">
    <fieldset class="tbxforms-form-group tbxforms-fieldset" key="value">
    </fieldset>
</form>
